Program { entry: Direct(Integer(0)), functions: [] }