	.text
	.file	"compliModule"
	.globl	__compli_entry
	.p2align	4, 0x90
	.type	__compli_entry,@function
__compli_entry:
	.cfi_startproc
	xorl	%eax, %eax
	retq
.Lfunc_end0:
	.size	__compli_entry, .Lfunc_end0-__compli_entry
	.cfi_endproc

	.section	".note.GNU-stack","",@progbits
