Program { functions: [Function { name: "main", params: [], ret_type: Int, body: Expression { kind: Int(0), span: 19..20, type_context: NoContext }, span: 0..20 }] }